[localhost_3000/index.html]
[localhost_3000/_next/static/css/app/layoutc7b0.css]
[localhost_3000/next_static/css/app/layout.css]
[localhost_3000/_next/static/chunks/webpackc7b0.js]
[backblue.gif]
[fade.gif]
[index.html]
[localhost_3000/favicon.ico]
[localhost_3000/_next/static/chunks/app-pages-internals.js]
[localhost_3000/index.html]
[localhost_3000/_next/static/media/55c55f0601d81cf3-s.woff2]
[localhost_3000/_next/static/chunks/polyfills.js]
[localhost_3000/_next/static/media/26a46d62cd723877-s.woff2]
[localhost_3000/_next/static/media/97e0cb1ae144a2a9-s.woff2]
[localhost_3000/_next/static/media/581909926a08bbc8-s.woff2]
[localhost_3000/_next/static/media/df0a9ae256c0569c-s.woff2]
[localhost_3000/_next/static/media/6d93bde91c0c2823-s.woff2]
[localhost_3000/_next/static/media/a34f9d1faa5f3315-s.p.woff2]
[localhost_3000/_next/static/css/app/layoutc7b0.css]
[localhost_3000/next_static/css/app/layout.html]
[localhost_3000/_next/static/chunks/app/page.js]
[localhost_3000/_next/static/chunks/main-appc7b0.js]
